// Jest Snapshot v1, https://goo.gl/fbAQLP

exports[`ActiveLink Snapshot 1`] = `
<DocumentFragment>
  test
</DocumentFragment>
`;
