// Jest Snapshot v1, https://goo.gl/fbAQLP

exports[`AccountList Snapshot 1`] = `
<DocumentFragment>
  <ul
    aria-label="Account list"
    class="css-tu0njr"
    role="list"
  >
    <div
      class="css-sajjl8"
    >
      <div
        class="css-17i2t5k"
      >
        <div
          class="css-1lekzkb"
        >
          <p
            class="chakra-text css-kbn7if"
          >
            ut
          </p>
          <button
            class="chakra-button css-5c2176"
            type="button"
          >
            EDIT ACCOUNT
          </button>
        </div>
      </div>
      <div
        class="css-bpjgaa"
      >
        <div
          class="css-1lekzkb"
        >
          <a
            href="/projects/3e7d7963-406a-47bd-ad80-0448296895bf"
          >
            <p
              class="chakra-text css-0"
            >
              et
            </p>
          </a>
        </div>
      </div>
      <button
        class="chakra-button css-5c2176"
        type="button"
      >
        CREATE PROJECT
      </button>
    </div>
    <button
      class="chakra-button css-5c2176"
      type="button"
    >
      More
    </button>
  </ul>
</DocumentFragment>
`;
