// Jest Snapshot v1, https://goo.gl/fbAQLP

exports[`ProjectMemberInviteButton Snapshot 1`] = `
<DocumentFragment>
  <button
    class="chakra-button css-5c2176"
    type="button"
  >
    INVITE PEOPLE
  </button>
</DocumentFragment>
`;
